[0/1] Planning build
Building for debugging...
[0/11] Write swift-version--1AB21518FC5DEDBE.txt
Build complete! (0.57s)
[0/1] Planning build
Building for debugging...
[0/3] Write swift-version--1AB21518FC5DEDBE.txt
Build of product 'WeiBeiSelfCheck' complete! (0.53s)
WeiBei self-check passed
[0/1] Planning build
Building for debugging...
[0/3] Write swift-version--1AB21518FC5DEDBE.txt
Build of product 'WeiBei' complete! (0.48s)
WeiBei imported identity self-checks passed
[0/1] Planning build
Building for debugging...
[0/3] Write swift-version--1AB21518FC5DEDBE.txt
Build of product 'WeiBeiWebEditorCheck' complete! (0.44s)
WeiBei web editor check passed
[0/1] Planning build
Building for debugging...
[0/3] Write swift-version--1AB21518FC5DEDBE.txt
Build of product 'WeiBeiPiCheck' complete! (0.53s)
pi-check ready: PI 0.80.2 at <repo-root>/.build/pi-runtime/0.80.2/darwin-arm64/PiRuntime/bin/pi
pi-live-check passed: proposal=46 chars evidence=2
